// Vitest Snapshot v1, https://vitest.dev/guide/snapshot.html

exports[`KeyboardShortcutsModal (snapshot) > renders nothing when closed 1`] = `null`;

exports[`KeyboardShortcutsModal (snapshot) > renders the shortcut list when open 1`] = `
<div
  data-testid="dialog"
>
  <div
    class="max-w-md"
    data-testid="dialog-content"
  >
    <div
      data-testid="dialog-header"
    >
      <h2>
        Atajos de teclado
      </h2>
      <p>
        Atajos disponibles en la interfaz de chat.
      </p>
    </div>
    <ul
      class="mt-2 divide-y divide-border/40"
    >
      <li
        class="flex items-center justify-between gap-4 py-2 text-sm"
      >
        <span
          class="text-foreground"
        >
          Enviar mensaje
        </span>
        <span
          class="flex items-center gap-1"
        >
          <kbd
            class="rounded-md border border-border/60 bg-muted px-1.5 py-0.5 text-[11px] font-medium text-muted-foreground shadow-sm"
          >
            Enter
          </kbd>
        </span>
      </li>
      <li
        class="flex items-center justify-between gap-4 py-2 text-sm"
      >
        <span
          class="text-foreground"
        >
          Enviar mensaje (alternativo)
        </span>
        <span
          class="flex items-center gap-1"
        >
          <kbd
            class="rounded-md border border-border/60 bg-muted px-1.5 py-0.5 text-[11px] font-medium text-muted-foreground shadow-sm"
          >
            ⌘/Ctrl
          </kbd>
          <span
            class="text-xs text-muted-foreground"
          >
            +
          </span>
          <kbd
            class="rounded-md border border-border/60 bg-muted px-1.5 py-0.5 text-[11px] font-medium text-muted-foreground shadow-sm"
          >
            Enter
          </kbd>
        </span>
      </li>
      <li
        class="flex items-center justify-between gap-4 py-2 text-sm"
      >
        <span
          class="text-foreground"
        >
          Nueva línea en el mensaje
        </span>
        <span
          class="flex items-center gap-1"
        >
          <kbd
            class="rounded-md border border-border/60 bg-muted px-1.5 py-0.5 text-[11px] font-medium text-muted-foreground shadow-sm"
          >
            Shift
          </kbd>
          <span
            class="text-xs text-muted-foreground"
          >
            +
          </span>
          <kbd
            class="rounded-md border border-border/60 bg-muted px-1.5 py-0.5 text-[11px] font-medium text-muted-foreground shadow-sm"
          >
            Enter
          </kbd>
        </span>
      </li>
      <li
        class="flex items-center justify-between gap-4 py-2 text-sm"
      >
        <span
          class="text-foreground"
        >
          Enfocar búsqueda
        </span>
        <span
          class="flex items-center gap-1"
        >
          <kbd
            class="rounded-md border border-border/60 bg-muted px-1.5 py-0.5 text-[11px] font-medium text-muted-foreground shadow-sm"
          >
            ⌘/Ctrl
          </kbd>
          <span
            class="text-xs text-muted-foreground"
          >
            +
          </span>
          <kbd
            class="rounded-md border border-border/60 bg-muted px-1.5 py-0.5 text-[11px] font-medium text-muted-foreground shadow-sm"
          >
            K
          </kbd>
        </span>
      </li>
      <li
        class="flex items-center justify-between gap-4 py-2 text-sm"
      >
        <span
          class="text-foreground"
        >
          Abrir menú de comandos
        </span>
        <span
          class="flex items-center gap-1"
        >
          <kbd
            class="rounded-md border border-border/60 bg-muted px-1.5 py-0.5 text-[11px] font-medium text-muted-foreground shadow-sm"
          >
            /
          </kbd>
        </span>
      </li>
      <li
        class="flex items-center justify-between gap-4 py-2 text-sm"
      >
        <span
          class="text-foreground"
        >
          Editar último mensaje (composer vacío)
        </span>
        <span
          class="flex items-center gap-1"
        >
          <kbd
            class="rounded-md border border-border/60 bg-muted px-1.5 py-0.5 text-[11px] font-medium text-muted-foreground shadow-sm"
          >
            ↑
          </kbd>
        </span>
      </li>
      <li
        class="flex items-center justify-between gap-4 py-2 text-sm"
      >
        <span
          class="text-foreground"
        >
          Cerrar herramientas / cancelar / desenfocar
        </span>
        <span
          class="flex items-center gap-1"
        >
          <kbd
            class="rounded-md border border-border/60 bg-muted px-1.5 py-0.5 text-[11px] font-medium text-muted-foreground shadow-sm"
          >
            Esc
          </kbd>
        </span>
      </li>
      <li
        class="flex items-center justify-between gap-4 py-2 text-sm"
      >
        <span
          class="text-foreground"
        >
          Mostrar esta ayuda
        </span>
        <span
          class="flex items-center gap-1"
        >
          <kbd
            class="rounded-md border border-border/60 bg-muted px-1.5 py-0.5 text-[11px] font-medium text-muted-foreground shadow-sm"
          >
            ⌘/Ctrl
          </kbd>
          <span
            class="text-xs text-muted-foreground"
          >
            +
          </span>
          <kbd
            class="rounded-md border border-border/60 bg-muted px-1.5 py-0.5 text-[11px] font-medium text-muted-foreground shadow-sm"
          >
            /
          </kbd>
        </span>
      </li>
      <li
        class="flex items-center justify-between gap-4 py-2 text-sm"
      >
        <span
          class="text-foreground"
        >
          Mostrar esta ayuda (alternativo)
        </span>
        <span
          class="flex items-center gap-1"
        >
          <kbd
            class="rounded-md border border-border/60 bg-muted px-1.5 py-0.5 text-[11px] font-medium text-muted-foreground shadow-sm"
          >
            ?
          </kbd>
        </span>
      </li>
    </ul>
  </div>
</div>
`;
